public final class NullHandlingEqualiser$12 implements org.apache.fluss.codegen.types.RecordEqualiser {
  public NullHandlingEqualiser$12(java.lang.Object[] references) throws Exception {
  }

  @Override
  public boolean equals(org.apache.fluss.row.InternalRow left, org.apache.fluss.row.InternalRow right) {
    if (left instanceof org.apache.fluss.row.BinaryRow && right instanceof org.apache.fluss.row.BinaryRow) {
      return left.equals(right);
    }
    boolean result = true;
    result = result && equalsField0(left, right);
    return result;
  }

  private boolean equalsField0(org.apache.fluss.row.InternalRow left, org.apache.fluss.row.InternalRow right) {
    boolean leftNull = left.isNullAt(0);
    boolean rightNull = right.isNullAt(0);
    if (leftNull && rightNull) {
      return true;
    }
    if (leftNull || rightNull) {
      return false;
    }
    int leftVal = left.getInt(0);
    int rightVal = right.getInt(0);
    return leftVal == rightVal;
  }

}
